
Segment List
------------

e:\stm8s\elevator\variable.asm[1]    5-   44         0 -       1B                 'ram0'  [void]
e:\stm8s\elevator\variable.asm[2]   45-   67       100 -      107                 'ram1'  [void]
e:\stm8s\elevator\driver\timer.asm[1]    5-  194      8080 -     80E7                 'rom'  [text]
e:\stm8s\elevator\driver\led.asm[1]    5-  486      80E8 -     82DB                 'rom'  [textdata]
e:\stm8s\elevator\driver\clock.asm[1]    4-   50      82DC -     82EA                 'rom'  [text]
e:\stm8s\elevator\driver\button.asm[1]    4-  635      82EB -     8679                 'rom'  [text]
e:\stm8s\elevator\queue.asm[1]    5-  305      867A -     8723                 'rom'  [text]
e:\stm8s\elevator\request.asm[1]    5-  771      8724 -     8910                 'rom'  [text]
e:\stm8s\elevator\operation.asm[1]    4-  486      8911 -     8A50                 'rom'  [text]
e:\stm8s\elevator\main.asm[1]   14-   76      8A51 -     8A88                 'rom'  [text]
e:\stm8s\elevator\main.asm[2]   77-  110      8000 -     807F                 'vectit'  [data]
e:\stm8s\elevator\stm8s105k4.asm[2]   16-  330      5000 -     7F76                 'periph2'  [void] <c:\program files (x86)\stmicroelectronics\st_toolset\asm\include\STM8S105K.asm>


Class List
----------

0 '        ram0'   byte from        0 to       1B (lim       FF) = 10% D
0 '        ram1'   byte from      100 to      107 (lim      5FF) =  0% D
0 '       stack'   byte from      600 to      5FF (lim      7FF) =  0% V
0 '      eeprom'   byte from     4000 to     3FFF (lim     43FF) =  0% V
0 '         rom'   byte from     8080 to     8A88 (lim     BFFF) = 15% CS
0 '      vectit'   byte from     8000 to     807F (lim     807F) =100% S
0 '      periph'   byte from        0 to FFFFFFFF (lim       7F) =  0% V
0 '     periph2'   byte from     5000 to     7F76 (lim FFFFFFFF) =  0% D



External Label list
-------------------

Symbol Name                       Value     Scope  Def(line)

AWU_CSR                               50F0  WORD  c:\program files (x86)\stmicroelectronics\st_toolset\asm\include\STM8S105K.asm(126)
AWU_APR                               50F1  WORD  c:\program files (x86)\stmicroelectronics\st_toolset\asm\include\STM8S105K.asm(127)
AWU_TBR                               50F2  WORD  c:\program files (x86)\stmicroelectronics\st_toolset\asm\include\STM8S105K.asm(128)
ADC_DB0RH                             53E0  WORD  c:\program files (x86)\stmicroelectronics\st_toolset\asm\include\STM8S105K.asm(277)
ADC_DB0RL                             53E1  WORD  c:\program files (x86)\stmicroelectronics\st_toolset\asm\include\STM8S105K.asm(278)
ADC_DB1RH                             53E2  WORD  c:\program files (x86)\stmicroelectronics\st_toolset\asm\include\STM8S105K.asm(279)
ADC_DB1RL                             53E3  WORD  c:\program files (x86)\stmicroelectronics\st_toolset\asm\include\STM8S105K.asm(280)
ADC_DB2RH                             53E4  WORD  c:\program files (x86)\stmicroelectronics\st_toolset\asm\include\STM8S105K.asm(281)
ADC_DB2RL                             53E5  WORD  c:\program files (x86)\stmicroelectronics\st_toolset\asm\include\STM8S105K.asm(282)
ADC_DB3RH                             53E6  WORD  c:\program files (x86)\stmicroelectronics\st_toolset\asm\include\STM8S105K.asm(283)
ADC_DB3RL                             53E7  WORD  c:\program files (x86)\stmicroelectronics\st_toolset\asm\include\STM8S105K.asm(284)
ADC_DB4RH                             53E8  WORD  c:\program files (x86)\stmicroelectronics\st_toolset\asm\include\STM8S105K.asm(285)
ADC_DB4RL                             53E9  WORD  c:\program files (x86)\stmicroelectronics\st_toolset\asm\include\STM8S105K.asm(286)
ADC_DB5RH                             53EA  WORD  c:\program files (x86)\stmicroelectronics\st_toolset\asm\include\STM8S105K.asm(287)
ADC_DB5RL                             53EB  WORD  c:\program files (x86)\stmicroelectronics\st_toolset\asm\include\STM8S105K.asm(288)
ADC_DB6RH                             53EC  WORD  c:\program files (x86)\stmicroelectronics\st_toolset\asm\include\STM8S105K.asm(289)
ADC_DB6RL                             53ED  WORD  c:\program files (x86)\stmicroelectronics\st_toolset\asm\include\STM8S105K.asm(290)
ADC_DB7RH                             53EE  WORD  c:\program files (x86)\stmicroelectronics\st_toolset\asm\include\STM8S105K.asm(291)
ADC_DB7RL                             53EF  WORD  c:\program files (x86)\stmicroelectronics\st_toolset\asm\include\STM8S105K.asm(292)
ADC_DB8RH                             53F0  WORD  c:\program files (x86)\stmicroelectronics\st_toolset\asm\include\STM8S105K.asm(293)
ADC_DB8RL                             53F1  WORD  c:\program files (x86)\stmicroelectronics\st_toolset\asm\include\STM8S105K.asm(294)
ADC_DB9RH                             53F2  WORD  c:\program files (x86)\stmicroelectronics\st_toolset\asm\include\STM8S105K.asm(295)
ADC_DB9RL                             53F3  WORD  c:\program files (x86)\stmicroelectronics\st_toolset\asm\include\STM8S105K.asm(296)
ADC_CSR                               5400  WORD  c:\program files (x86)\stmicroelectronics\st_toolset\asm\include\STM8S105K.asm(298)
ADC_CR1                               5401  WORD  c:\program files (x86)\stmicroelectronics\st_toolset\asm\include\STM8S105K.asm(299)
ADC_CR2                               5402  WORD  c:\program files (x86)\stmicroelectronics\st_toolset\asm\include\STM8S105K.asm(300)
ADC_CR3                               5403  WORD  c:\program files (x86)\stmicroelectronics\st_toolset\asm\include\STM8S105K.asm(301)
ADC_DRH                               5404  WORD  c:\program files (x86)\stmicroelectronics\st_toolset\asm\include\STM8S105K.asm(302)
ADC_DRL                               5405  WORD  c:\program files (x86)\stmicroelectronics\st_toolset\asm\include\STM8S105K.asm(303)
ADC_TDRH                              5406  WORD  c:\program files (x86)\stmicroelectronics\st_toolset\asm\include\STM8S105K.asm(304)
ADC_TDRL                              5407  WORD  c:\program files (x86)\stmicroelectronics\st_toolset\asm\include\STM8S105K.asm(305)
ADC_HTRH                              5408  WORD  c:\program files (x86)\stmicroelectronics\st_toolset\asm\include\STM8S105K.asm(306)
ADC_HTRL                              5409  WORD  c:\program files (x86)\stmicroelectronics\st_toolset\asm\include\STM8S105K.asm(307)
ADC_LTRH                              540A  WORD  c:\program files (x86)\stmicroelectronics\st_toolset\asm\include\STM8S105K.asm(308)
ADC_LTRL                              540B  WORD  c:\program files (x86)\stmicroelectronics\st_toolset\asm\include\STM8S105K.asm(309)
ADC_AWSRH                             540C  WORD  c:\program files (x86)\stmicroelectronics\st_toolset\asm\include\STM8S105K.asm(310)
ADC_AWSRL                             540D  WORD  c:\program files (x86)\stmicroelectronics\st_toolset\asm\include\STM8S105K.asm(311)
ADC_AWCRH                             540E  WORD  c:\program files (x86)\stmicroelectronics\st_toolset\asm\include\STM8S105K.asm(312)
ADC_AWCRL                             540F  WORD  c:\program files (x86)\stmicroelectronics\st_toolset\asm\include\STM8S105K.asm(313)

B_TIMER3_INT_COUNTER                    12  BYTE  e:\stm8s\elevator\variable.inc(33)
B_FLOOR                                 09  BYTE  e:\stm8s\elevator\variable.inc(22)
B_STATUS                                0A  BYTE  e:\stm8s\elevator\variable.inc(23)
B_DIRECTION                             0B  BYTE  e:\stm8s\elevator\variable.inc(24)
Button_Init                           82EB  WORD  e:\stm8s\elevator\driver\button.asm(19)
Button_Interrupt_Handler          00008404  LONG  e:\stm8s\elevator\driver\button.asm(159)
BR01                                    00  BYTE  e:\stm8s\elevator\variable.asm(9)
BR02                                    01  BYTE  e:\stm8s\elevator\variable.asm(10)
BR03                                    02  BYTE  e:\stm8s\elevator\variable.asm(11)
BR04                                    03  BYTE  e:\stm8s\elevator\variable.asm(12)
BR05                                    04  BYTE  e:\stm8s\elevator\variable.asm(13)
BR06                                    05  BYTE  e:\stm8s\elevator\variable.asm(14)
BR07                                    06  BYTE  e:\stm8s\elevator\variable.asm(15)
BR08                                    07  BYTE  e:\stm8s\elevator\variable.asm(16)
BR09                                    08  BYTE  e:\stm8s\elevator\variable.asm(17)
BEEP_CSR                              50F3  WORD  c:\program files (x86)\stmicroelectronics\st_toolset\asm\include\STM8S105K.asm(132)

CheckQueue                            86AA  WORD  e:\stm8s\elevator\queue.asm(98)
CLK_CKDIVR                            50C6  WORD  c:\program files (x86)\stmicroelectronics\st_toolset\asm\include\STM8S105K.asm(101)
CloseDoor                             896E  WORD  e:\stm8s\elevator\operation.asm(172)
CheckKeyboard                         842B  WORD  e:\stm8s\elevator\driver\button.asm(199)
CheckFloorButton                      8449  WORD  e:\stm8s\elevator\driver\button.asm(233)
CheckLaunch                           874D  WORD  e:\stm8s\elevator\request.asm(76)
CheckCurrentFloorReq                  8805  WORD  e:\stm8s\elevator\request.asm(397)
CheckCurrentFloorTarget               8829  WORD  e:\stm8s\elevator\request.asm(437)
CLK_ICKR                              50C0  WORD  c:\program files (x86)\stmicroelectronics\st_toolset\asm\include\STM8S105K.asm(95)
CLK_ECKR                              50C1  WORD  c:\program files (x86)\stmicroelectronics\st_toolset\asm\include\STM8S105K.asm(96)
CLK_CMSR                              50C3  WORD  c:\program files (x86)\stmicroelectronics\st_toolset\asm\include\STM8S105K.asm(98)
CLK_SWR                               50C4  WORD  c:\program files (x86)\stmicroelectronics\st_toolset\asm\include\STM8S105K.asm(99)
CLK_SWCR                              50C5  WORD  c:\program files (x86)\stmicroelectronics\st_toolset\asm\include\STM8S105K.asm(100)
CLK_PCKENR1                           50C7  WORD  c:\program files (x86)\stmicroelectronics\st_toolset\asm\include\STM8S105K.asm(102)
CLK_CSSR                              50C8  WORD  c:\program files (x86)\stmicroelectronics\st_toolset\asm\include\STM8S105K.asm(103)
CLK_CCOR                              50C9  WORD  c:\program files (x86)\stmicroelectronics\st_toolset\asm\include\STM8S105K.asm(104)
CLK_PCKENR2                           50CA  WORD  c:\program files (x86)\stmicroelectronics\st_toolset\asm\include\STM8S105K.asm(105)
CLK_CANCCR                            50CB  WORD  c:\program files (x86)\stmicroelectronics\st_toolset\asm\include\STM8S105K.asm(106)
CLK_HSITRIMR                          50CC  WORD  c:\program files (x86)\stmicroelectronics\st_toolset\asm\include\STM8S105K.asm(107)
CLK_SWIMCCR                           50CD  WORD  c:\program files (x86)\stmicroelectronics\st_toolset\asm\include\STM8S105K.asm(108)
CFG_GCR                               7F60  WORD  c:\program files (x86)\stmicroelectronics\st_toolset\asm\include\STM8S105K.asm(318)

DecRotatePointer                      8718  WORD  e:\stm8s\elevator\queue.asm(283)

EXTI_CR1                              50A0  WORD  c:\program files (x86)\stmicroelectronics\st_toolset\asm\include\STM8S105K.asm(84)
EXTI_CR2                              50A1  WORD  c:\program files (x86)\stmicroelectronics\st_toolset\asm\include\STM8S105K.asm(85)

FLOOR_TOP                             0108  WORD  e:\stm8s\elevator\variable.inc(58)
FLOOR_BOTTOM                          0100  WORD  e:\stm8s\elevator\variable.inc(54)
FLASH_CR1                             505A  WORD  c:\program files (x86)\stmicroelectronics\st_toolset\asm\include\STM8S105K.asm(70)
FLASH_CR2                             505B  WORD  c:\program files (x86)\stmicroelectronics\st_toolset\asm\include\STM8S105K.asm(71)
FLASH_NCR2                            505C  WORD  c:\program files (x86)\stmicroelectronics\st_toolset\asm\include\STM8S105K.asm(72)
FLASH_FPR                             505D  WORD  c:\program files (x86)\stmicroelectronics\st_toolset\asm\include\STM8S105K.asm(73)
FLASH_NFPR                            505E  WORD  c:\program files (x86)\stmicroelectronics\st_toolset\asm\include\STM8S105K.asm(74)
FLASH_IAPSR                           505F  WORD  c:\program files (x86)\stmicroelectronics\st_toolset\asm\include\STM8S105K.asm(75)
FLASH_PUKR                            5062  WORD  c:\program files (x86)\stmicroelectronics\st_toolset\asm\include\STM8S105K.asm(77)
FLASH_DUKR                            5064  WORD  c:\program files (x86)\stmicroelectronics\st_toolset\asm\include\STM8S105K.asm(79)

GoCurrentTarget                       8782  WORD  e:\stm8s\elevator\request.asm(122)
GetNextTarget                         868C  WORD  e:\stm8s\elevator\queue.asm(51)
GoUp                                  8932  WORD  e:\stm8s\elevator\operation.asm(67)
GoDown                                8941  WORD  e:\stm8s\elevator\operation.asm(92)
GoIdle                                8950  WORD  e:\stm8s\elevator\operation.asm(117)
GoNextTarget                          87C9  WORD  e:\stm8s\elevator\request.asm(182)
GetFloorReq                           87FC  WORD  e:\stm8s\elevator\request.asm(375)
GetNextDirTargetPointer               886D  WORD  e:\stm8s\elevator\request.asm(524)
GetNearFloorReq                       88CC  WORD  e:\stm8s\elevator\request.asm(693)

HSIClockInit                          82DC  WORD  e:\stm8s\elevator\driver\clock.asm(18)

ITC_SPR4                              7F73  WORD  c:\program files (x86)\stmicroelectronics\st_toolset\asm\include\STM8S105K.asm(326)
ITC_SPR1                              7F70  WORD  c:\program files (x86)\stmicroelectronics\st_toolset\asm\include\STM8S105K.asm(323)
IsQueueFull                           86CF  WORD  e:\stm8s\elevator\queue.asm(173)
IsQueueEmpty                          86F1  WORD  e:\stm8s\elevator\queue.asm(218)
IncRotatePointer                      870C  WORD  e:\stm8s\elevator\queue.asm(260)
IsNextTargetDirection                 8848  WORD  e:\stm8s\elevator\request.asm(475)
IsReached                             88A4  WORD  e:\stm8s\elevator\request.asm(629)
IsAllReqDone                          88B4  WORD  e:\stm8s\elevator\request.asm(660)
IWDG_KR                               50E0  WORD  c:\program files (x86)\stmicroelectronics\st_toolset\asm\include\STM8S105K.asm(119)
IWDG_PR                               50E1  WORD  c:\program files (x86)\stmicroelectronics\st_toolset\asm\include\STM8S105K.asm(120)
IWDG_RLR                              50E2  WORD  c:\program files (x86)\stmicroelectronics\st_toolset\asm\include\STM8S105K.asm(121)
I2C_CR1                               5210  WORD  c:\program files (x86)\stmicroelectronics\st_toolset\asm\include\STM8S105K.asm(149)
I2C_CR2                               5211  WORD  c:\program files (x86)\stmicroelectronics\st_toolset\asm\include\STM8S105K.asm(150)
I2C_FREQR                             5212  WORD  c:\program files (x86)\stmicroelectronics\st_toolset\asm\include\STM8S105K.asm(151)
I2C_OARL                              5213  WORD  c:\program files (x86)\stmicroelectronics\st_toolset\asm\include\STM8S105K.asm(152)
I2C_OARH                              5214  WORD  c:\program files (x86)\stmicroelectronics\st_toolset\asm\include\STM8S105K.asm(153)
I2C_DR                                5216  WORD  c:\program files (x86)\stmicroelectronics\st_toolset\asm\include\STM8S105K.asm(155)
I2C_SR1                               5217  WORD  c:\program files (x86)\stmicroelectronics\st_toolset\asm\include\STM8S105K.asm(156)
I2C_SR2                               5218  WORD  c:\program files (x86)\stmicroelectronics\st_toolset\asm\include\STM8S105K.asm(157)
I2C_SR3                               5219  WORD  c:\program files (x86)\stmicroelectronics\st_toolset\asm\include\STM8S105K.asm(158)
I2C_ITR                               521A  WORD  c:\program files (x86)\stmicroelectronics\st_toolset\asm\include\STM8S105K.asm(159)
I2C_CCRL                              521B  WORD  c:\program files (x86)\stmicroelectronics\st_toolset\asm\include\STM8S105K.asm(160)
I2C_CCRH                              521C  WORD  c:\program files (x86)\stmicroelectronics\st_toolset\asm\include\STM8S105K.asm(161)
I2C_TRISER                            521D  WORD  c:\program files (x86)\stmicroelectronics\st_toolset\asm\include\STM8S105K.asm(162)
I2C_PECR                              521E  WORD  c:\program files (x86)\stmicroelectronics\st_toolset\asm\include\STM8S105K.asm(163)
ITC_SPR2                              7F71  WORD  c:\program files (x86)\stmicroelectronics\st_toolset\asm\include\STM8S105K.asm(324)
ITC_SPR3                              7F72  WORD  c:\program files (x86)\stmicroelectronics\st_toolset\asm\include\STM8S105K.asm(325)
ITC_SPR5                              7F74  WORD  c:\program files (x86)\stmicroelectronics\st_toolset\asm\include\STM8S105K.asm(327)
ITC_SPR6                              7F75  WORD  c:\program files (x86)\stmicroelectronics\st_toolset\asm\include\STM8S105K.asm(328)
ITC_SPR7                              7F76  WORD  c:\program files (x86)\stmicroelectronics\st_toolset\asm\include\STM8S105K.asm(329)

LED_Refresh                           816B  WORD  e:\stm8s\elevator\driver\led.asm(97)
LED_Driver_Init                       80E8  WORD  e:\stm8s\elevator\driver\led.asm(20)

OpenDoor                              895F  WORD  e:\stm8s\elevator\operation.asm(147)
OperationInit                         8911  WORD  e:\stm8s\elevator\operation.asm(21)

PB_ODR                                5005  WORD  c:\program files (x86)\stmicroelectronics\st_toolset\asm\include\STM8S105K.asm(29)
PB_DDR                                5007  WORD  c:\program files (x86)\stmicroelectronics\st_toolset\asm\include\STM8S105K.asm(31)
PB_CR1                                5008  WORD  c:\program files (x86)\stmicroelectronics\st_toolset\asm\include\STM8S105K.asm(32)
PB_CR2                                5009  WORD  c:\program files (x86)\stmicroelectronics\st_toolset\asm\include\STM8S105K.asm(33)
PE_ODR                                5014  WORD  c:\program files (x86)\stmicroelectronics\st_toolset\asm\include\STM8S105K.asm(53)
PE_DDR                                5016  WORD  c:\program files (x86)\stmicroelectronics\st_toolset\asm\include\STM8S105K.asm(55)
PE_CR1                                5017  WORD  c:\program files (x86)\stmicroelectronics\st_toolset\asm\include\STM8S105K.asm(56)
PE_CR2                                5018  WORD  c:\program files (x86)\stmicroelectronics\st_toolset\asm\include\STM8S105K.asm(57)
PF_ODR                                5019  WORD  c:\program files (x86)\stmicroelectronics\st_toolset\asm\include\STM8S105K.asm(61)
PF_DDR                                501B  WORD  c:\program files (x86)\stmicroelectronics\st_toolset\asm\include\STM8S105K.asm(63)
PF_CR1                                501C  WORD  c:\program files (x86)\stmicroelectronics\st_toolset\asm\include\STM8S105K.asm(64)
PF_CR2                                501D  WORD  c:\program files (x86)\stmicroelectronics\st_toolset\asm\include\STM8S105K.asm(65)
PA_ODR                                5000  WORD  c:\program files (x86)\stmicroelectronics\st_toolset\asm\include\STM8S105K.asm(21)
PA_DDR                                5002  WORD  c:\program files (x86)\stmicroelectronics\st_toolset\asm\include\STM8S105K.asm(23)
PA_CR1                                5003  WORD  c:\program files (x86)\stmicroelectronics\st_toolset\asm\include\STM8S105K.asm(24)
PA_CR2                                5004  WORD  c:\program files (x86)\stmicroelectronics\st_toolset\asm\include\STM8S105K.asm(25)
PC_ODR                                500A  WORD  c:\program files (x86)\stmicroelectronics\st_toolset\asm\include\STM8S105K.asm(37)
PC_IDR                                500B  WORD  c:\program files (x86)\stmicroelectronics\st_toolset\asm\include\STM8S105K.asm(38)
PC_DDR                                500C  WORD  c:\program files (x86)\stmicroelectronics\st_toolset\asm\include\STM8S105K.asm(39)
PC_CR1                                500D  WORD  c:\program files (x86)\stmicroelectronics\st_toolset\asm\include\STM8S105K.asm(40)
PC_CR2                                500E  WORD  c:\program files (x86)\stmicroelectronics\st_toolset\asm\include\STM8S105K.asm(41)
PD_ODR                                500F  WORD  c:\program files (x86)\stmicroelectronics\st_toolset\asm\include\STM8S105K.asm(45)
PD_IDR                                5010  WORD  c:\program files (x86)\stmicroelectronics\st_toolset\asm\include\STM8S105K.asm(46)
PD_DDR                                5011  WORD  c:\program files (x86)\stmicroelectronics\st_toolset\asm\include\STM8S105K.asm(47)
PD_CR1                                5012  WORD  c:\program files (x86)\stmicroelectronics\st_toolset\asm\include\STM8S105K.asm(48)
PD_CR2                                5013  WORD  c:\program files (x86)\stmicroelectronics\st_toolset\asm\include\STM8S105K.asm(49)
PutTargetFloor                        87E1  WORD  e:\stm8s\elevator\request.asm(339)
PutNewTarget                          867A  WORD  e:\stm8s\elevator\queue.asm(21)
PA_IDR                                5001  WORD  c:\program files (x86)\stmicroelectronics\st_toolset\asm\include\STM8S105K.asm(22)
PB_IDR                                5006  WORD  c:\program files (x86)\stmicroelectronics\st_toolset\asm\include\STM8S105K.asm(30)
PE_IDR                                5015  WORD  c:\program files (x86)\stmicroelectronics\st_toolset\asm\include\STM8S105K.asm(54)
PF_IDR                                501A  WORD  c:\program files (x86)\stmicroelectronics\st_toolset\asm\include\STM8S105K.asm(62)

ReloadTimer3                          80DD  WORD  e:\stm8s\elevator\driver\timer.asm(172)
Request                               8724  WORD  e:\stm8s\elevator\request.asm(26)
RST_SR                                50B3  WORD  c:\program files (x86)\stmicroelectronics\st_toolset\asm\include\STM8S105K.asm(90)

StopTimer3Interrupt                   80C6  WORD  e:\stm8s\elevator\driver\timer.asm(100)
SetTimer3Handler                      80CD  WORD  e:\stm8s\elevator\driver\timer.asm(147)
SPI_CR1                               5200  WORD  c:\program files (x86)\stmicroelectronics\st_toolset\asm\include\STM8S105K.asm(137)
SPI_CR2                               5201  WORD  c:\program files (x86)\stmicroelectronics\st_toolset\asm\include\STM8S105K.asm(138)
SPI_ICR                               5202  WORD  c:\program files (x86)\stmicroelectronics\st_toolset\asm\include\STM8S105K.asm(139)
SPI_SR                                5203  WORD  c:\program files (x86)\stmicroelectronics\st_toolset\asm\include\STM8S105K.asm(140)
SPI_DR                                5204  WORD  c:\program files (x86)\stmicroelectronics\st_toolset\asm\include\STM8S105K.asm(141)
SPI_CRCPR                             5205  WORD  c:\program files (x86)\stmicroelectronics\st_toolset\asm\include\STM8S105K.asm(142)
SPI_RXCRCR                            5206  WORD  c:\program files (x86)\stmicroelectronics\st_toolset\asm\include\STM8S105K.asm(143)
SPI_TXCRCR                            5207  WORD  c:\program files (x86)\stmicroelectronics\st_toolset\asm\include\STM8S105K.asm(144)

TIM3_CR1                              5320  WORD  c:\program files (x86)\stmicroelectronics\st_toolset\asm\include\STM8S105K.asm(245)
TIM3_IER                              5321  WORD  c:\program files (x86)\stmicroelectronics\st_toolset\asm\include\STM8S105K.asm(246)
TIM3_SR1                              5322  WORD  c:\program files (x86)\stmicroelectronics\st_toolset\asm\include\STM8S105K.asm(247)
TIM3_EGR                              5324  WORD  c:\program files (x86)\stmicroelectronics\st_toolset\asm\include\STM8S105K.asm(249)
TIM3_CNTRH                            5328  WORD  c:\program files (x86)\stmicroelectronics\st_toolset\asm\include\STM8S105K.asm(253)
TIM3_CNTRL                            5329  WORD  c:\program files (x86)\stmicroelectronics\st_toolset\asm\include\STM8S105K.asm(254)
TIM3_PSCR                             532A  WORD  c:\program files (x86)\stmicroelectronics\st_toolset\asm\include\STM8S105K.asm(255)
TIM3_ARRH                             532B  WORD  c:\program files (x86)\stmicroelectronics\st_toolset\asm\include\STM8S105K.asm(256)
TIM3_ARRL                             532C  WORD  c:\program files (x86)\stmicroelectronics\st_toolset\asm\include\STM8S105K.asm(257)
Timer3Init                            8080  WORD  e:\stm8s\elevator\driver\timer.asm(20)
Timer3_Interrupt_Handler          000080B9  LONG  e:\stm8s\elevator\driver\timer.asm(77)
TARGET_QUEUE_BOTTOM                   0108  WORD  e:\stm8s\elevator\variable.inc(62)
TEMP_TARGET_FLOOR_BUTTOM                13  BYTE  e:\stm8s\elevator\variable.inc(37)
TEMP_TARGET_FLOOR_TOP                   1B  BYTE  e:\stm8s\elevator\variable.inc(42)
TIM1_CR1                              5250  WORD  c:\program files (x86)\stmicroelectronics\st_toolset\asm\include\STM8S105K.asm(184)
TIM1_CR2                              5251  WORD  c:\program files (x86)\stmicroelectronics\st_toolset\asm\include\STM8S105K.asm(185)
TIM1_SMCR                             5252  WORD  c:\program files (x86)\stmicroelectronics\st_toolset\asm\include\STM8S105K.asm(186)
TIM1_ETR                              5253  WORD  c:\program files (x86)\stmicroelectronics\st_toolset\asm\include\STM8S105K.asm(187)
TIM1_IER                              5254  WORD  c:\program files (x86)\stmicroelectronics\st_toolset\asm\include\STM8S105K.asm(188)
TIM1_SR1                              5255  WORD  c:\program files (x86)\stmicroelectronics\st_toolset\asm\include\STM8S105K.asm(189)
TIM1_SR2                              5256  WORD  c:\program files (x86)\stmicroelectronics\st_toolset\asm\include\STM8S105K.asm(190)
TIM1_EGR                              5257  WORD  c:\program files (x86)\stmicroelectronics\st_toolset\asm\include\STM8S105K.asm(191)
TIM1_CCMR1                            5258  WORD  c:\program files (x86)\stmicroelectronics\st_toolset\asm\include\STM8S105K.asm(192)
TIM1_CCMR2                            5259  WORD  c:\program files (x86)\stmicroelectronics\st_toolset\asm\include\STM8S105K.asm(193)
TIM1_CCMR3                            525A  WORD  c:\program files (x86)\stmicroelectronics\st_toolset\asm\include\STM8S105K.asm(194)
TIM1_CCMR4                            525B  WORD  c:\program files (x86)\stmicroelectronics\st_toolset\asm\include\STM8S105K.asm(195)
TIM1_CCER1                            525C  WORD  c:\program files (x86)\stmicroelectronics\st_toolset\asm\include\STM8S105K.asm(196)
TIM1_CCER2                            525D  WORD  c:\program files (x86)\stmicroelectronics\st_toolset\asm\include\STM8S105K.asm(197)
TIM1_CNTRH                            525E  WORD  c:\program files (x86)\stmicroelectronics\st_toolset\asm\include\STM8S105K.asm(198)
TIM1_CNTRL                            525F  WORD  c:\program files (x86)\stmicroelectronics\st_toolset\asm\include\STM8S105K.asm(199)
TIM1_PSCRH                            5260  WORD  c:\program files (x86)\stmicroelectronics\st_toolset\asm\include\STM8S105K.asm(200)
TIM1_PSCRL                            5261  WORD  c:\program files (x86)\stmicroelectronics\st_toolset\asm\include\STM8S105K.asm(201)
TIM1_ARRH                             5262  WORD  c:\program files (x86)\stmicroelectronics\st_toolset\asm\include\STM8S105K.asm(202)
TIM1_ARRL                             5263  WORD  c:\program files (x86)\stmicroelectronics\st_toolset\asm\include\STM8S105K.asm(203)
TIM1_RCR                              5264  WORD  c:\program files (x86)\stmicroelectronics\st_toolset\asm\include\STM8S105K.asm(204)
TIM1_CCR1H                            5265  WORD  c:\program files (x86)\stmicroelectronics\st_toolset\asm\include\STM8S105K.asm(205)
TIM1_CCR1L                            5266  WORD  c:\program files (x86)\stmicroelectronics\st_toolset\asm\include\STM8S105K.asm(206)
TIM1_CCR2H                            5267  WORD  c:\program files (x86)\stmicroelectronics\st_toolset\asm\include\STM8S105K.asm(207)
TIM1_CCR2L                            5268  WORD  c:\program files (x86)\stmicroelectronics\st_toolset\asm\include\STM8S105K.asm(208)
TIM1_CCR3H                            5269  WORD  c:\program files (x86)\stmicroelectronics\st_toolset\asm\include\STM8S105K.asm(209)
TIM1_CCR3L                            526A  WORD  c:\program files (x86)\stmicroelectronics\st_toolset\asm\include\STM8S105K.asm(210)
TIM1_CCR4H                            526B  WORD  c:\program files (x86)\stmicroelectronics\st_toolset\asm\include\STM8S105K.asm(211)
TIM1_CCR4L                            526C  WORD  c:\program files (x86)\stmicroelectronics\st_toolset\asm\include\STM8S105K.asm(212)
TIM1_BKR                              526D  WORD  c:\program files (x86)\stmicroelectronics\st_toolset\asm\include\STM8S105K.asm(213)
TIM1_DTR                              526E  WORD  c:\program files (x86)\stmicroelectronics\st_toolset\asm\include\STM8S105K.asm(214)
TIM1_OISR                             526F  WORD  c:\program files (x86)\stmicroelectronics\st_toolset\asm\include\STM8S105K.asm(215)
TIM2_CR1                              5300  WORD  c:\program files (x86)\stmicroelectronics\st_toolset\asm\include\STM8S105K.asm(220)
TIM2_IER                              5301  WORD  c:\program files (x86)\stmicroelectronics\st_toolset\asm\include\STM8S105K.asm(221)
TIM2_SR1                              5302  WORD  c:\program files (x86)\stmicroelectronics\st_toolset\asm\include\STM8S105K.asm(222)
TIM2_SR2                              5303  WORD  c:\program files (x86)\stmicroelectronics\st_toolset\asm\include\STM8S105K.asm(223)
TIM2_EGR                              5304  WORD  c:\program files (x86)\stmicroelectronics\st_toolset\asm\include\STM8S105K.asm(224)
TIM2_CCMR1                            5305  WORD  c:\program files (x86)\stmicroelectronics\st_toolset\asm\include\STM8S105K.asm(225)
TIM2_CCMR2                            5306  WORD  c:\program files (x86)\stmicroelectronics\st_toolset\asm\include\STM8S105K.asm(226)
TIM2_CCMR3                            5307  WORD  c:\program files (x86)\stmicroelectronics\st_toolset\asm\include\STM8S105K.asm(227)
TIM2_CCER1                            5308  WORD  c:\program files (x86)\stmicroelectronics\st_toolset\asm\include\STM8S105K.asm(228)
TIM2_CCER2                            5309  WORD  c:\program files (x86)\stmicroelectronics\st_toolset\asm\include\STM8S105K.asm(229)
TIM2_CNTRH                            530A  WORD  c:\program files (x86)\stmicroelectronics\st_toolset\asm\include\STM8S105K.asm(230)
TIM2_CNTRL                            530B  WORD  c:\program files (x86)\stmicroelectronics\st_toolset\asm\include\STM8S105K.asm(231)
TIM2_PSCR                             530C  WORD  c:\program files (x86)\stmicroelectronics\st_toolset\asm\include\STM8S105K.asm(232)
TIM2_ARRH                             530D  WORD  c:\program files (x86)\stmicroelectronics\st_toolset\asm\include\STM8S105K.asm(233)
TIM2_ARRL                             530E  WORD  c:\program files (x86)\stmicroelectronics\st_toolset\asm\include\STM8S105K.asm(234)
TIM2_CCR1H                            530F  WORD  c:\program files (x86)\stmicroelectronics\st_toolset\asm\include\STM8S105K.asm(235)
TIM2_CCR1L                            5310  WORD  c:\program files (x86)\stmicroelectronics\st_toolset\asm\include\STM8S105K.asm(236)
TIM2_CCR2H                            5311  WORD  c:\program files (x86)\stmicroelectronics\st_toolset\asm\include\STM8S105K.asm(237)
TIM2_CCR2L                            5312  WORD  c:\program files (x86)\stmicroelectronics\st_toolset\asm\include\STM8S105K.asm(238)
TIM2_CCR3H                            5313  WORD  c:\program files (x86)\stmicroelectronics\st_toolset\asm\include\STM8S105K.asm(239)
TIM2_CCR3L                            5314  WORD  c:\program files (x86)\stmicroelectronics\st_toolset\asm\include\STM8S105K.asm(240)
TIM3_SR2                              5323  WORD  c:\program files (x86)\stmicroelectronics\st_toolset\asm\include\STM8S105K.asm(248)
TIM3_CCMR1                            5325  WORD  c:\program files (x86)\stmicroelectronics\st_toolset\asm\include\STM8S105K.asm(250)
TIM3_CCMR2                            5326  WORD  c:\program files (x86)\stmicroelectronics\st_toolset\asm\include\STM8S105K.asm(251)
TIM3_CCER1                            5327  WORD  c:\program files (x86)\stmicroelectronics\st_toolset\asm\include\STM8S105K.asm(252)
TIM3_CCR1H                            532D  WORD  c:\program files (x86)\stmicroelectronics\st_toolset\asm\include\STM8S105K.asm(258)
TIM3_CCR1L                            532E  WORD  c:\program files (x86)\stmicroelectronics\st_toolset\asm\include\STM8S105K.asm(259)
TIM3_CCR2H                            532F  WORD  c:\program files (x86)\stmicroelectronics\st_toolset\asm\include\STM8S105K.asm(260)
TIM3_CCR2L                            5330  WORD  c:\program files (x86)\stmicroelectronics\st_toolset\asm\include\STM8S105K.asm(261)
TIM4_CR1                              5340  WORD  c:\program files (x86)\stmicroelectronics\st_toolset\asm\include\STM8S105K.asm(266)
TIM4_IER                              5341  WORD  c:\program files (x86)\stmicroelectronics\st_toolset\asm\include\STM8S105K.asm(267)
TIM4_SR                               5342  WORD  c:\program files (x86)\stmicroelectronics\st_toolset\asm\include\STM8S105K.asm(268)
TIM4_EGR                              5343  WORD  c:\program files (x86)\stmicroelectronics\st_toolset\asm\include\STM8S105K.asm(269)
TIM4_CNTR                             5344  WORD  c:\program files (x86)\stmicroelectronics\st_toolset\asm\include\STM8S105K.asm(270)
TIM4_PSCR                             5345  WORD  c:\program files (x86)\stmicroelectronics\st_toolset\asm\include\STM8S105K.asm(271)
TIM4_ARR                              5346  WORD  c:\program files (x86)\stmicroelectronics\st_toolset\asm\include\STM8S105K.asm(272)

UART2_SR                              5240  WORD  c:\program files (x86)\stmicroelectronics\st_toolset\asm\include\STM8S105K.asm(168)
UART2_DR                              5241  WORD  c:\program files (x86)\stmicroelectronics\st_toolset\asm\include\STM8S105K.asm(169)
UART2_BRR1                            5242  WORD  c:\program files (x86)\stmicroelectronics\st_toolset\asm\include\STM8S105K.asm(170)
UART2_BRR2                            5243  WORD  c:\program files (x86)\stmicroelectronics\st_toolset\asm\include\STM8S105K.asm(171)
UART2_CR1                             5244  WORD  c:\program files (x86)\stmicroelectronics\st_toolset\asm\include\STM8S105K.asm(172)
UART2_CR2                             5245  WORD  c:\program files (x86)\stmicroelectronics\st_toolset\asm\include\STM8S105K.asm(173)
UART2_CR3                             5246  WORD  c:\program files (x86)\stmicroelectronics\st_toolset\asm\include\STM8S105K.asm(174)
UART2_CR4                             5247  WORD  c:\program files (x86)\stmicroelectronics\st_toolset\asm\include\STM8S105K.asm(175)
UART2_CR5                             5248  WORD  c:\program files (x86)\stmicroelectronics\st_toolset\asm\include\STM8S105K.asm(176)
UART2_CR6                             5249  WORD  c:\program files (x86)\stmicroelectronics\st_toolset\asm\include\STM8S105K.asm(177)
UART2_GTR                             524A  WORD  c:\program files (x86)\stmicroelectronics\st_toolset\asm\include\STM8S105K.asm(178)
UART2_PSCR                            524B  WORD  c:\program files (x86)\stmicroelectronics\st_toolset\asm\include\STM8S105K.asm(179)

W_TIMER3_HANDLER                        10  BYTE  e:\stm8s\elevator\variable.inc(32)
W_CUR_TARGET_PTR                        0C  BYTE  e:\stm8s\elevator\variable.inc(27)
W_NEW_PTR                               0E  BYTE  e:\stm8s\elevator\variable.inc(29)
WWDG_CR                               50D1  WORD  c:\program files (x86)\stmicroelectronics\st_toolset\asm\include\STM8S105K.asm(113)
WWDG_WR                               50D2  WORD  c:\program files (x86)\stmicroelectronics\st_toolset\asm\include\STM8S105K.asm(114)


277 labels
